E:\homework\hadoop\hadoop大作业\hadoop大作业备份\DangDataAnalyse\src\main\java\org\example\backend\entity\FlowBean.java
E:\homework\hadoop\hadoop大作业\hadoop大作业备份\DangDataAnalyse\src\main\java\org\example\backend\utils\ReadHbaseDataToHDFS.java
E:\homework\hadoop\hadoop大作业\hadoop大作业备份\DangDataAnalyse\src\main\java\org\example\backend\service\HBaseService.java
E:\homework\hadoop\hadoop大作业\hadoop大作业备份\DangDataAnalyse\src\main\java\org\example\backend\ApplicationStartup.java
E:\homework\hadoop\hadoop大作业\hadoop大作业备份\DangDataAnalyse\src\main\java\org\example\backend\utils\ExcelToTxt.java
E:\homework\hadoop\hadoop大作业\hadoop大作业备份\DangDataAnalyse\src\main\java\org\example\backend\mapreduce\publish95\TuijianbaiJob.java
E:\homework\hadoop\hadoop大作业\hadoop大作业备份\DangDataAnalyse\src\main\java\org\example\backend\mapreduce\tuijain\TuijianReducer.java
E:\homework\hadoop\hadoop大作业\hadoop大作业备份\DangDataAnalyse\src\main\java\org\example\backend\controller\EchartsController.java
E:\homework\hadoop\hadoop大作业\hadoop大作业备份\DangDataAnalyse\src\main\java\org\example\backend\entity\CommentTuijian.java
E:\homework\hadoop\hadoop大作业\hadoop大作业备份\DangDataAnalyse\src\main\java\org\example\backend\entity\BookItem.java
E:\homework\hadoop\hadoop大作业\hadoop大作业备份\DangDataAnalyse\src\main\java\org\example\backend\utils\CallShell.java
E:\homework\hadoop\hadoop大作业\hadoop大作业备份\DangDataAnalyse\src\main\java\org\example\backend\entity\Indicators.java
E:\homework\hadoop\hadoop大作业\hadoop大作业备份\DangDataAnalyse\src\main\java\org\example\backend\mapreduce\TableAnalyzeMap.java
E:\homework\hadoop\hadoop大作业\hadoop大作业备份\DangDataAnalyse\src\main\java\org\example\backend\controller\HBaseController.java
E:\homework\hadoop\hadoop大作业\hadoop大作业备份\DangDataAnalyse\src\main\java\org\example\backend\mapreduce\undertwo\Undertwojob.java
E:\homework\hadoop\hadoop大作业\hadoop大作业备份\DangDataAnalyse\src\main\java\org\example\backend\entity\HBasePoJo.java
E:\homework\hadoop\hadoop大作业\hadoop大作业备份\DangDataAnalyse\src\main\java\org\example\backend\crawler\LogCollection.java
E:\homework\hadoop\hadoop大作业\hadoop大作业备份\DangDataAnalyse\src\main\java\org\example\backend\mapreduce\TableReduce.java
E:\homework\hadoop\hadoop大作业\hadoop大作业备份\DangDataAnalyse\src\main\java\org\example\backend\mapreduce\commentsum\CommentjobsumMapper.java
E:\homework\hadoop\hadoop大作业\hadoop大作业备份\DangDataAnalyse\src\main\java\org\example\backend\mapreduce\TableAnalyzeReduce.java
E:\homework\hadoop\hadoop大作业\hadoop大作业备份\DangDataAnalyse\src\main\java\org\example\backend\mapreduce\undertwo\UndertwoMapper.java
E:\homework\hadoop\hadoop大作业\hadoop大作业备份\DangDataAnalyse\src\main\java\org\example\backend\mapreduce\publish95\TuijianbaiReducer.java
E:\homework\hadoop\hadoop大作业\hadoop大作业备份\DangDataAnalyse\src\main\java\org\example\backend\utils\SizeCount.java
E:\homework\hadoop\hadoop大作业\hadoop大作业备份\DangDataAnalyse\src\main\java\org\example\backend\Dao\HBaseDao.java
E:\homework\hadoop\hadoop大作业\hadoop大作业备份\DangDataAnalyse\src\main\java\org\example\backend\hbase\CrawlerHBaseDao.java
E:\homework\hadoop\hadoop大作业\hadoop大作业备份\DangDataAnalyse\src\main\java\org\example\backend\mapreduce\TableAnalyzeCombin.java
E:\homework\hadoop\hadoop大作业\hadoop大作业备份\DangDataAnalyse\src\main\java\org\example\backend\entity\QianDuan.java
E:\homework\hadoop\hadoop大作业\hadoop大作业备份\DangDataAnalyse\src\main\java\org\example\backend\machinelearn\Mlearn.java
E:\homework\hadoop\hadoop大作业\hadoop大作业备份\DangDataAnalyse\src\main\java\org\example\backend\mapreduce\commentsum\CommentjobsumReducer.java
E:\homework\hadoop\hadoop大作业\hadoop大作业备份\DangDataAnalyse\src\main\java\org\example\backend\mapreduce\tuijain\TuijianMapper.java
E:\homework\hadoop\hadoop大作业\hadoop大作业备份\DangDataAnalyse\src\main\java\org\example\backend\mapreduce\comment\CommentJob.java
E:\homework\hadoop\hadoop大作业\hadoop大作业备份\DangDataAnalyse\src\main\java\org\example\backend\mapreduce\comment\CommentMapper.java
E:\homework\hadoop\hadoop大作业\hadoop大作业备份\DangDataAnalyse\src\main\java\org\example\backend\entity\CommentBean.java
E:\homework\hadoop\hadoop大作业\hadoop大作业备份\DangDataAnalyse\src\main\java\org\example\backend\mapreduce\MyReducer.java
E:\homework\hadoop\hadoop大作业\hadoop大作业备份\DangDataAnalyse\src\main\java\org\example\backend\mapreduce\finallyData\finallyMap.java
E:\homework\hadoop\hadoop大作业\hadoop大作业备份\DangDataAnalyse\src\main\java\org\example\backend\entity\FlowBeans.java
E:\homework\hadoop\hadoop大作业\hadoop大作业备份\DangDataAnalyse\src\main\java\org\example\backend\mapreduce\jichu\TableReduce.java
E:\homework\hadoop\hadoop大作业\hadoop大作业备份\DangDataAnalyse\src\main\java\org\example\backend\entity\ResultItem.java
E:\homework\hadoop\hadoop大作业\hadoop大作业备份\DangDataAnalyse\src\main\java\org\example\backend\mapreduce\tuijain\TuijianJob.java
E:\homework\hadoop\hadoop大作业\hadoop大作业备份\DangDataAnalyse\src\main\java\org\example\backend\entity\TotalVar.java
E:\homework\hadoop\hadoop大作业\hadoop大作业备份\DangDataAnalyse\src\main\java\org\example\backend\hdfs\CrawlerHdfsDao.java
E:\homework\hadoop\hadoop大作业\hadoop大作业备份\DangDataAnalyse\src\main\java\org\example\backend\mapreduce\jichu\MyMapper.java
E:\homework\hadoop\hadoop大作业\hadoop大作业备份\DangDataAnalyse\src\main\java\org\example\backend\mapreduce\WordCount.java
E:\homework\hadoop\hadoop大作业\hadoop大作业备份\DangDataAnalyse\src\main\java\org\example\backend\entity\PulishItem.java
E:\homework\hadoop\hadoop大作业\hadoop大作业备份\DangDataAnalyse\src\main\java\org\example\backend\mapreduce\finallyData\commentdatazhishujob.java
E:\homework\hadoop\hadoop大作业\hadoop大作业备份\DangDataAnalyse\src\main\java\org\example\backend\mapreduce\MyMapper.java
E:\homework\hadoop\hadoop大作业\hadoop大作业备份\DangDataAnalyse\src\main\java\org\example\backend\entity\BookItems2.java
E:\homework\hadoop\hadoop大作业\hadoop大作业备份\DangDataAnalyse\src\main\java\org\example\backend\mapreduce\MapReduce_publish.java
E:\homework\hadoop\hadoop大作业\hadoop大作业备份\DangDataAnalyse\src\main\java\org\example\backend\crawler\Start.java
E:\homework\hadoop\hadoop大作业\hadoop大作业备份\DangDataAnalyse\src\main\java\org\example\backend\mapreduce\CrawlerMapreduceDao.java
E:\homework\hadoop\hadoop大作业\hadoop大作业备份\DangDataAnalyse\src\main\java\org\example\backend\mapreduce\publish95\TuijianbaiMapper.java
E:\homework\hadoop\hadoop大作业\hadoop大作业备份\DangDataAnalyse\src\main\java\org\example\backend\mapreduce\undertwo\UndertwoReduce.java
E:\homework\hadoop\hadoop大作业\hadoop大作业备份\DangDataAnalyse\src\main\java\org\example\backend\mapreduce\comment\CommentReducer.java
E:\homework\hadoop\hadoop大作业\hadoop大作业备份\DangDataAnalyse\src\main\java\org\example\backend\mapreduce\commentsum\Commentjobsum.java
E:\homework\hadoop\hadoop大作业\hadoop大作业备份\DangDataAnalyse\src\main\java\org\example\backend\mapreduce\finallyData\finallyReduce.java
E:\homework\hadoop\hadoop大作业\hadoop大作业备份\DangDataAnalyse\src\main\java\org\example\backend\mapreduce\jichu\WordCount.java
